// Jest Snapshot v1, https://goo.gl/fbAQLP

exports[`delete-github-subscription Should 400 when missing body.installationId 1`] = `
[
  {
    "err": Any<String>,
  },
]
`;

exports[`delete-github-subscription Should 400 when missing body.jiraHost 1`] = `
[
  {
    "err": Any<String>,
  },
]
`;
